{"sessionId":"9e36d5","hypothesisId":"H1-H3","location":"DebugAuthTraceFilter:preChain","message":"login POST before filter chain","data":{"uri":"/api/auth/public/login","method":"POST","contentType":"application/x-www-form-urlencoded","authenticatedBeforeChain":false},"timestamp":1791187668843}
{"sessionId":"9e36d5","hypothesisId":"H1-verify","location":"DebugLoginHandlerInterceptor:preHandle","message":"MVC routed POST to controller handler","data":{"uri":"/api/auth/public/login","handler":"HandlerMethod","contentType":"application/x-www-form-urlencoded"},"timestamp":1791187668876}
{"sessionId":"9e36d5","hypothesisId":"H1","location":"DebugAuthTraceFilter:postChain","message":"login POST after filter chain","data":{"uri":"/api/auth/public/login","status":415},"timestamp":1791187668927}
{"sessionId":"9e36d5","hypothesisId":"H1-H3","location":"DebugAuthTraceFilter:preChain","message":"login POST before filter chain","data":{"uri":"/api/auth/session/login","method":"POST","contentType":"application/x-www-form-urlencoded","authenticatedBeforeChain":false},"timestamp":1791188099829}
{"sessionId":"9e36d5","hypothesisId":"H1","location":"DebugAuthTraceFilter:postChain","message":"login POST after filter chain","data":{"uri":"/api/auth/session/login","status":302},"timestamp":1791188099837}
{"sessionId":"9e36d5","hypothesisId":"H1-H3","location":"DebugAuthTraceFilter:preChain","message":"login POST before filter chain","data":{"uri":"/api/auth/public/login","method":"POST","contentType":"application/x-www-form-urlencoded","authenticatedBeforeChain":false},"timestamp":1791188188111}
{"sessionId":"9e36d5","hypothesisId":"H1","location":"DebugAuthTraceFilter:postChain","message":"login POST after filter chain","data":{"uri":"/api/auth/public/login","status":302},"timestamp":1791188189135}
{"sessionId":"9e36d5","hypothesisId":"H1-H3","location":"DebugAuthTraceFilter:preChain","message":"login POST before filter chain","data":{"uri":"/api/auth/public/login","method":"POST","contentType":"application/x-www-form-urlencoded","authenticatedBeforeChain":false},"timestamp":1791188305955}
{"sessionId":"9e36d5","hypothesisId":"H1","location":"DebugAuthTraceFilter:postChain","message":"login POST after filter chain","data":{"uri":"/api/auth/public/login","status":302},"timestamp":1791188306050}
{"sessionId":"9e36d5","hypothesisId":"H1-H3","location":"DebugAuthTraceFilter:preChain","message":"login POST before filter chain","data":{"uri":"/api/auth/public/login","method":"POST","contentType":"application/x-www-form-urlencoded","authenticatedBeforeChain":false},"timestamp":1791188420639}
{"sessionId":"9e36d5","hypothesisId":"H1","location":"DebugAuthTraceFilter:postChain","message":"login POST after filter chain","data":{"uri":"/api/auth/public/login","status":302},"timestamp":1791188421498}
{"sessionId":"9e36d5","hypothesisId":"H1-H3","location":"DebugAuthTraceFilter:preChain","message":"login POST before filter chain","data":{"uri":"/api/auth/public/login","method":"POST","contentType":"application/x-www-form-urlencoded","authenticatedBeforeChain":false},"timestamp":1791193679896}
{"sessionId":"9e36d5","hypothesisId":"H1","location":"DebugAuthTraceFilter:postChain","message":"login POST after filter chain","data":{"uri":"/api/auth/public/login","status":302},"timestamp":1791193679990}
{"sessionId":"9e36d5","hypothesisId":"H1-H3","location":"DebugAuthTraceFilter:preChain","message":"login POST before filter chain","data":{"uri":"/api/auth/public/login","method":"POST","contentType":"application/x-www-form-urlencoded","authenticatedBeforeChain":false},"timestamp":1791193703647}
{"sessionId":"9e36d5","hypothesisId":"H1","location":"DebugAuthTraceFilter:postChain","message":"login POST after filter chain","data":{"uri":"/api/auth/public/login","status":302},"timestamp":1791193703736}
{"sessionId":"9e36d5","hypothesisId":"H1-H3","location":"DebugAuthTraceFilter:preChain","message":"login POST before filter chain","data":{"uri":"/api/auth/public/login","method":"GET","contentType":"application/x-www-form-urlencoded","authenticatedBeforeChain":false},"timestamp":1791193752931}
{"sessionId":"9e36d5","hypothesisId":"H1","location":"DebugAuthTraceFilter:postChain","message":"login POST after filter chain","data":{"uri":"/api/auth/public/login","status":405},"timestamp":1791193752948}
{"sessionId":"9e36d5","hypothesisId":"H1-H3","location":"DebugAuthTraceFilter:preChain","message":"login POST before filter chain","data":{"uri":"/api/auth/public/login","method":"POST","contentType":"application/x-www-form-urlencoded","authenticatedBeforeChain":false},"timestamp":1791193826731}
{"sessionId":"9e36d5","hypothesisId":"H1","location":"DebugAuthTraceFilter:postChain","message":"login POST after filter chain","data":{"uri":"/api/auth/public/login","status":302},"timestamp":1791193826814}
{"sessionId":"9e36d5","hypothesisId":"H1-H3","location":"DebugAuthTraceFilter:preChain","message":"login POST before filter chain","data":{"uri":"/api/auth/public/login","method":"POST","contentType":"application/x-www-form-urlencoded","authenticatedBeforeChain":false},"timestamp":1791193839973}
{"sessionId":"9e36d5","hypothesisId":"H1","location":"DebugAuthTraceFilter:postChain","message":"login POST after filter chain","data":{"uri":"/api/auth/public/login","status":302},"timestamp":1791193840072}
{"sessionId":"9e36d5","hypothesisId":"H1-H3","location":"DebugAuthTraceFilter:preChain","message":"login POST before filter chain","data":{"uri":"/api/auth/public/login","method":"POST","contentType":"application/json;charset=UTF-8","authenticatedBeforeChain":false},"timestamp":1791193936676}
{"sessionId":"9e36d5","hypothesisId":"H1","location":"DebugAuthTraceFilter:postChain","message":"login POST after filter chain","data":{"uri":"/api/auth/public/login","status":302},"timestamp":1791193936687}
{"sessionId":"9e36d5","hypothesisId":"H1-H3","location":"DebugAuthTraceFilter:preChain","message":"login POST before filter chain","data":{"uri":"/api/auth/public/login","method":"POST","contentType":"application/json;charset=UTF-8","authenticatedBeforeChain":false},"timestamp":1791194048368}
{"sessionId":"9e36d5","hypothesisId":"H1","location":"DebugAuthTraceFilter:postChain","message":"login POST after filter chain","data":{"uri":"/api/auth/public/login","status":302},"timestamp":1791194048373}
{"sessionId":"9e36d5","hypothesisId":"H1-H3","location":"DebugAuthTraceFilter:preChain","message":"login POST before filter chain","data":{"uri":"/api/auth/public/login","method":"POST","contentType":"application/json;charset=UTF-8","authenticatedBeforeChain":false},"timestamp":1791194320479}
{"sessionId":"9e36d5","hypothesisId":"H1","location":"DebugAuthTraceFilter:postChain","message":"login POST after filter chain","data":{"uri":"/api/auth/public/login","status":302},"timestamp":1791194320492}
{"sessionId":"9e36d5","hypothesisId":"H1-H3","location":"DebugAuthTraceFilter:preChain","message":"login POST before filter chain","data":{"uri":"/api/auth/public/login","method":"POST","contentType":"application/x-www-form-urlencoded","authenticatedBeforeChain":false},"timestamp":1791194438876}
{"sessionId":"9e36d5","hypothesisId":"H1","location":"DebugAuthTraceFilter:postChain","message":"login POST after filter chain","data":{"uri":"/api/auth/public/login","status":302},"timestamp":1791194438957}
{"sessionId":"9e36d5","hypothesisId":"H1-H3","location":"DebugAuthTraceFilter:preChain","message":"login POST before filter chain","data":{"uri":"/api/auth/public/login","method":"POST","contentType":"application/json;charset=UTF-8","authenticatedBeforeChain":false},"timestamp":1791194451005}
{"sessionId":"9e36d5","hypothesisId":"H1","location":"DebugAuthTraceFilter:postChain","message":"login POST after filter chain","data":{"uri":"/api/auth/public/login","status":302},"timestamp":1791194451011}
{"sessionId":"9e36d5","hypothesisId":"H1-H3","location":"DebugAuthTraceFilter:preChain","message":"login POST before filter chain","data":{"uri":"/api/auth/public/login","method":"POST","contentType":"application/json;charset=UTF-8","authenticatedBeforeChain":false},"timestamp":1791194511388}
{"sessionId":"9e36d5","hypothesisId":"H1","location":"DebugAuthTraceFilter:postChain","message":"login POST after filter chain","data":{"uri":"/api/auth/public/login","status":302},"timestamp":1791194511395}
{"sessionId":"9e36d5","hypothesisId":"H1-H3","location":"DebugAuthTraceFilter:preChain","message":"login POST before filter chain","data":{"uri":"/api/auth/public/login","method":"POST","contentType":"application/json;charset=UTF-8","authenticatedBeforeChain":false},"timestamp":1791194555901}
{"sessionId":"9e36d5","hypothesisId":"H1","location":"DebugAuthTraceFilter:postChain","message":"login POST after filter chain","data":{"uri":"/api/auth/public/login","status":302},"timestamp":1791194555906}
{"sessionId":"9e36d5","hypothesisId":"H1-H3","location":"DebugAuthTraceFilter:preChain","message":"login POST before filter chain","data":{"uri":"/api/auth/public/login","method":"POST","contentType":"application/x-www-form-urlencoded","authenticatedBeforeChain":false},"timestamp":1791194854288}
{"sessionId":"9e36d5","hypothesisId":"H1","location":"DebugAuthTraceFilter:postChain","message":"login POST after filter chain","data":{"uri":"/api/auth/public/login","status":302},"timestamp":1791194854417}
{"sessionId":"9e36d5","hypothesisId":"H1-H3","location":"DebugAuthTraceFilter:preChain","message":"login POST before filter chain","data":{"uri":"/api/auth/public/login","method":"POST","contentType":"application/x-www-form-urlencoded","authenticatedBeforeChain":false},"timestamp":1791194862872}
{"sessionId":"9e36d5","hypothesisId":"H1","location":"DebugAuthTraceFilter:postChain","message":"login POST after filter chain","data":{"uri":"/api/auth/public/login","status":302},"timestamp":1791194863001}
{"sessionId":"9e36d5","hypothesisId":"H1-H3","location":"DebugAuthTraceFilter:preChain","message":"login POST before filter chain","data":{"uri":"/api/auth/public/login","method":"POST","contentType":"application/x-www-form-urlencoded","authenticatedBeforeChain":false},"timestamp":1791194876338}
{"sessionId":"9e36d5","hypothesisId":"H1","location":"DebugAuthTraceFilter:postChain","message":"login POST after filter chain","data":{"uri":"/api/auth/public/login","status":302},"timestamp":1791194876408}
{"sessionId":"9e36d5","hypothesisId":"H1-H3","location":"DebugAuthTraceFilter:preChain","message":"login POST before filter chain","data":{"uri":"/api/auth/public/login","method":"POST","contentType":"application/json;charset=UTF-8","authenticatedBeforeChain":false},"timestamp":1791194955265}
{"sessionId":"9e36d5","hypothesisId":"H1","location":"DebugAuthTraceFilter:postChain","message":"login POST after filter chain","data":{"uri":"/api/auth/public/login","status":302},"timestamp":1791194955275}
{"sessionId":"9e36d5","hypothesisId":"H1-H3","location":"DebugAuthTraceFilter:preChain","message":"login POST before filter chain","data":{"uri":"/api/auth/public/login","method":"POST","contentType":"application/json;charset=UTF-8","authenticatedBeforeChain":false},"timestamp":1791194979700}
{"sessionId":"9e36d5","hypothesisId":"H1","location":"DebugAuthTraceFilter:postChain","message":"login POST after filter chain","data":{"uri":"/api/auth/public/login","status":302},"timestamp":1791194979711}
{"sessionId":"9e36d5","hypothesisId":"H1-H3","location":"DebugAuthTraceFilter:preChain","message":"login POST before filter chain","data":{"uri":"/api/auth/public/login","method":"POST","contentType":"application/json;charset=UTF-8","authenticatedBeforeChain":false},"timestamp":1791195062573}
{"sessionId":"9e36d5","hypothesisId":"H1","location":"DebugAuthTraceFilter:postChain","message":"login POST after filter chain","data":{"uri":"/api/auth/public/login","status":302},"timestamp":1791195062585}
{"sessionId":"9e36d5","hypothesisId":"H1-H3","location":"DebugAuthTraceFilter:preChain","message":"login POST before filter chain","data":{"uri":"/api/auth/public/login","method":"POST","contentType":"application/json;charset=UTF-8","authenticatedBeforeChain":false},"timestamp":1791195087917}
{"sessionId":"9e36d5","hypothesisId":"H1","location":"DebugAuthTraceFilter:postChain","message":"login POST after filter chain","data":{"uri":"/api/auth/public/login","status":302},"timestamp":1791195087931}
{"sessionId":"9e36d5","hypothesisId":"H1-H3","location":"DebugAuthTraceFilter:preChain","message":"login POST before filter chain","data":{"uri":"/api/auth/public/login","method":"POST","contentType":"application/json;charset=UTF-8","authenticatedBeforeChain":false},"timestamp":1791195151464}
{"sessionId":"9e36d5","hypothesisId":"H1","location":"DebugAuthTraceFilter:postChain","message":"login POST after filter chain","data":{"uri":"/api/auth/public/login","status":302},"timestamp":1791195151479}
{"sessionId":"9e36d5","hypothesisId":"H1-H3","location":"DebugAuthTraceFilter:preChain","message":"login POST before filter chain","data":{"uri":"/api/auth/public/login","method":"POST","contentType":"application/json;charset=UTF-8","authenticatedBeforeChain":false},"timestamp":1791195293994}
{"sessionId":"9e36d5","hypothesisId":"H1-verify","location":"DebugLoginHandlerInterceptor:preHandle","message":"MVC routed POST to controller handler","data":{"uri":"/api/auth/public/login","handler":"HandlerMethod","contentType":"application/json;charset=UTF-8"},"timestamp":1791195294027}
{"sessionId":"9e36d5","hypothesisId":"H1","location":"DebugAuthTraceFilter:postChain","message":"login POST after filter chain","data":{"uri":"/api/auth/public/login","status":200},"timestamp":1791195294874}
{"sessionId":"9e36d5","hypothesisId":"H1-H3","location":"DebugAuthTraceFilter:preChain","message":"login POST before filter chain","data":{"uri":"/api/auth/public/login","method":"POST","contentType":"application/x-www-form-urlencoded","authenticatedBeforeChain":false},"timestamp":1791195312997}
{"sessionId":"9e36d5","hypothesisId":"H1-verify","location":"DebugLoginHandlerInterceptor:preHandle","message":"MVC routed POST to controller handler","data":{"uri":"/api/auth/public/login","handler":"HandlerMethod","contentType":"application/x-www-form-urlencoded"},"timestamp":1791195313000}
{"sessionId":"9e36d5","hypothesisId":"H1","location":"DebugAuthTraceFilter:postChain","message":"login POST after filter chain","data":{"uri":"/api/auth/public/login","status":415},"timestamp":1791195313015}
{"sessionId":"9e36d5","hypothesisId":"H1-H3","location":"DebugAuthTraceFilter:preChain","message":"login POST before filter chain","data":{"uri":"/api/auth/public/login","method":"POST","contentType":"application/x-www-form-urlencoded","authenticatedBeforeChain":false},"timestamp":1791195569149}
{"sessionId":"9e36d5","hypothesisId":"H1-verify","location":"DebugLoginHandlerInterceptor:preHandle","message":"MVC routed POST to controller handler","data":{"uri":"/api/auth/public/login","handler":"HandlerMethod","contentType":"application/x-www-form-urlencoded"},"timestamp":1791195569159}
{"sessionId":"9e36d5","hypothesisId":"H1","location":"DebugAuthTraceFilter:postChain","message":"login POST after filter chain","data":{"uri":"/api/auth/public/login","status":415},"timestamp":1791195569177}
{"sessionId":"9e36d5","hypothesisId":"H1-H3","location":"DebugAuthTraceFilter:preChain","message":"login POST before filter chain","data":{"uri":"/api/auth/public/login","method":"POST","contentType":"application/x-www-form-urlencoded","authenticatedBeforeChain":false},"timestamp":1791196296950}
{"sessionId":"9e36d5","hypothesisId":"H1-verify","location":"DebugLoginHandlerInterceptor:preHandle","message":"MVC routed POST to controller handler","data":{"uri":"/api/auth/public/login","handler":"HandlerMethod","contentType":"application/x-www-form-urlencoded"},"timestamp":1791196296977}
{"sessionId":"9e36d5","hypothesisId":"H1","location":"DebugAuthTraceFilter:postChain","message":"login POST after filter chain","data":{"uri":"/api/auth/public/login","status":415},"timestamp":1791196296995}
{"sessionId":"9e36d5","hypothesisId":"H1-H3","location":"DebugAuthTraceFilter:preChain","message":"login POST before filter chain","data":{"uri":"/api/auth/session/login","method":"POST","contentType":"application/x-www-form-urlencoded","authenticatedBeforeChain":false},"timestamp":1791196317084}
{"sessionId":"9e36d5","hypothesisId":"H1","location":"DebugAuthTraceFilter:postChain","message":"login POST after filter chain","data":{"uri":"/api/auth/session/login","status":302},"timestamp":1791196318017}
{"sessionId":"9e36d5","hypothesisId":"H1-H3","location":"DebugAuthTraceFilter:preChain","message":"login POST before filter chain","data":{"uri":"/api/auth/public/login","method":"POST","contentType":"application/json;charset=UTF-8","authenticatedBeforeChain":false},"timestamp":1791196324157}
{"sessionId":"9e36d5","hypothesisId":"H1-verify","location":"DebugLoginHandlerInterceptor:preHandle","message":"MVC routed POST to controller handler","data":{"uri":"/api/auth/public/login","handler":"HandlerMethod","contentType":"application/json;charset=UTF-8"},"timestamp":1791196324162}
{"sessionId":"9e36d5","hypothesisId":"H1","location":"DebugAuthTraceFilter:postChain","message":"login POST after filter chain","data":{"uri":"/api/auth/public/login","status":200},"timestamp":1791196324594}
{"sessionId":"9e36d5","hypothesisId":"H1-H3","location":"DebugAuthTraceFilter:preChain","message":"login POST before filter chain","data":{"uri":"/api/auth/public/login","method":"POST","contentType":"application/json;charset=UTF-8","authenticatedBeforeChain":false},"timestamp":1791199980934}
{"sessionId":"9e36d5","hypothesisId":"H1-verify","location":"DebugLoginHandlerInterceptor:preHandle","message":"MVC routed POST to controller handler","data":{"uri":"/api/auth/public/login","handler":"HandlerMethod","contentType":"application/json;charset=UTF-8"},"timestamp":1791199980941}
{"sessionId":"9e36d5","hypothesisId":"H1","location":"DebugAuthTraceFilter:postChain","message":"login POST after filter chain","data":{"uri":"/api/auth/public/login","status":200},"timestamp":1791199981064}
{"sessionId":"9e36d5","hypothesisId":"H1-H3","location":"DebugAuthTraceFilter:preChain","message":"login POST before filter chain","data":{"uri":"/api/auth/public/login","method":"POST","contentType":"application/json;charset=UTF-8","authenticatedBeforeChain":false},"timestamp":1791199990611}
{"sessionId":"9e36d5","hypothesisId":"H1-verify","location":"DebugLoginHandlerInterceptor:preHandle","message":"MVC routed POST to controller handler","data":{"uri":"/api/auth/public/login","handler":"HandlerMethod","contentType":"application/json;charset=UTF-8"},"timestamp":1791199990615}
{"sessionId":"9e36d5","hypothesisId":"H1","location":"DebugAuthTraceFilter:postChain","message":"login POST after filter chain","data":{"uri":"/api/auth/public/login","status":200},"timestamp":1791199990715}
{"sessionId":"9e36d5","hypothesisId":"H1-H3","location":"DebugAuthTraceFilter:preChain","message":"login POST before filter chain","data":{"uri":"/api/auth/public/login","method":"POST","contentType":"application/json;charset=UTF-8","authenticatedBeforeChain":false},"timestamp":1791200059667}
{"sessionId":"9e36d5","hypothesisId":"H1-verify","location":"DebugLoginHandlerInterceptor:preHandle","message":"MVC routed POST to controller handler","data":{"uri":"/api/auth/public/login","handler":"HandlerMethod","contentType":"application/json;charset=UTF-8"},"timestamp":1791200059671}
{"sessionId":"9e36d5","hypothesisId":"H1","location":"DebugAuthTraceFilter:postChain","message":"login POST after filter chain","data":{"uri":"/api/auth/public/login","status":400},"timestamp":1791200059752}
{"sessionId":"9e36d5","hypothesisId":"H1-H3","location":"DebugAuthTraceFilter:preChain","message":"login POST before filter chain","data":{"uri":"/api/auth/public/login","method":"POST","contentType":"application/json;charset=UTF-8","authenticatedBeforeChain":false},"timestamp":1791200112022}
{"sessionId":"9e36d5","hypothesisId":"H1-verify","location":"DebugLoginHandlerInterceptor:preHandle","message":"MVC routed POST to controller handler","data":{"uri":"/api/auth/public/login","handler":"HandlerMethod","contentType":"application/json;charset=UTF-8"},"timestamp":1791200112025}
{"sessionId":"9e36d5","hypothesisId":"H1","location":"DebugAuthTraceFilter:postChain","message":"login POST after filter chain","data":{"uri":"/api/auth/public/login","status":200},"timestamp":1791200112113}
{"sessionId":"9e36d5","hypothesisId":"H1-H3","location":"DebugAuthTraceFilter:preChain","message":"login POST before filter chain","data":{"uri":"/api/auth/public/login","method":"POST","contentType":"application/json","authenticatedBeforeChain":false},"timestamp":1791463534570}
{"sessionId":"9e36d5","hypothesisId":"H1-verify","location":"DebugLoginHandlerInterceptor:preHandle","message":"MVC routed POST to controller handler","data":{"uri":"/api/auth/public/login","handler":"HandlerMethod","contentType":"application/json"},"timestamp":1791463534653}
{"sessionId":"9e36d5","hypothesisId":"H1","location":"DebugAuthTraceFilter:postChain","message":"login POST after filter chain","data":{"uri":"/api/auth/public/login","status":403},"timestamp":1791463535897}
{"sessionId":"9e36d5","hypothesisId":"H1-H3","location":"DebugAuthTraceFilter:preChain","message":"login POST before filter chain","data":{"uri":"/api/auth/public/login","method":"POST","contentType":"application/json","authenticatedBeforeChain":false},"timestamp":1791463870389}
{"sessionId":"9e36d5","hypothesisId":"H1-verify","location":"DebugLoginHandlerInterceptor:preHandle","message":"MVC routed POST to controller handler","data":{"uri":"/api/auth/public/login","handler":"HandlerMethod","contentType":"application/json"},"timestamp":1791463870405}
{"sessionId":"9e36d5","hypothesisId":"H1-H3","location":"DebugAuthTraceFilter:preChain","message":"login POST before filter chain","data":{"uri":"/api/auth/public/login","method":"POST","contentType":"application/json","authenticatedBeforeChain":false},"timestamp":1791464086718}
{"sessionId":"9e36d5","hypothesisId":"H1-verify","location":"DebugLoginHandlerInterceptor:preHandle","message":"MVC routed POST to controller handler","data":{"uri":"/api/auth/public/login","handler":"HandlerMethod","contentType":"application/json"},"timestamp":1791464086722}
{"sessionId":"9e36d5","hypothesisId":"H1","location":"DebugAuthTraceFilter:postChain","message":"login POST after filter chain","data":{"uri":"/api/auth/public/login","status":200},"timestamp":1791464086986}
{"sessionId":"9e36d5","hypothesisId":"H1-H3","location":"DebugAuthTraceFilter:preChain","message":"login POST before filter chain","data":{"uri":"/api/auth/public/login","method":"POST","contentType":"application/json","authenticatedBeforeChain":false},"timestamp":1791528548107}
{"sessionId":"9e36d5","hypothesisId":"H1-verify","location":"DebugLoginHandlerInterceptor:preHandle","message":"MVC routed POST to controller handler","data":{"uri":"/api/auth/public/login","handler":"HandlerMethod","contentType":"application/json"},"timestamp":1791528548131}
{"sessionId":"9e36d5","hypothesisId":"H1","location":"DebugAuthTraceFilter:postChain","message":"login POST after filter chain","data":{"uri":"/api/auth/public/login","status":200},"timestamp":1791528548969}
{"sessionId":"9e36d5","hypothesisId":"H1-H3","location":"DebugAuthTraceFilter:preChain","message":"login POST before filter chain","data":{"uri":"/api/auth/session/login","method":"POST","contentType":"application/x-www-form-urlencoded","authenticatedBeforeChain":false},"timestamp":1791531336488}
{"sessionId":"9e36d5","hypothesisId":"H1","location":"DebugAuthTraceFilter:postChain","message":"login POST after filter chain","data":{"uri":"/api/auth/session/login","status":302},"timestamp":1791531336772}
{"sessionId":"9e36d5","hypothesisId":"H1-H3","location":"DebugAuthTraceFilter:preChain","message":"login POST before filter chain","data":{"uri":"/api/auth/session/login","method":"POST","contentType":"application/x-www-form-urlencoded;charset=UTF-8","authenticatedBeforeChain":false},"timestamp":1791535584945}
{"sessionId":"9e36d5","hypothesisId":"H1","location":"DebugAuthTraceFilter:postChain","message":"login POST after filter chain","data":{"uri":"/api/auth/session/login","status":302},"timestamp":1791535585596}
{"sessionId":"9e36d5","hypothesisId":"H1-H3","location":"DebugAuthTraceFilter:preChain","message":"login POST before filter chain","data":{"uri":"/api/auth/session/login","method":"POST","contentType":"application/x-www-form-urlencoded","authenticatedBeforeChain":false},"timestamp":1791535608528}
{"sessionId":"9e36d5","hypothesisId":"H1","location":"DebugAuthTraceFilter:postChain","message":"login POST after filter chain","data":{"uri":"/api/auth/session/login","status":302},"timestamp":1791535608631}
{"sessionId":"9e36d5","hypothesisId":"H1-H3","location":"DebugAuthTraceFilter:preChain","message":"login POST before filter chain","data":{"uri":"/api/auth/session/login","method":"POST","contentType":"application/x-www-form-urlencoded;charset=UTF-8","authenticatedBeforeChain":false},"timestamp":1791535770811}
{"sessionId":"9e36d5","hypothesisId":"H1","location":"DebugAuthTraceFilter:postChain","message":"login POST after filter chain","data":{"uri":"/api/auth/session/login","status":302},"timestamp":1791535771057}
{"sessionId":"9e36d5","hypothesisId":"H1-H3","location":"DebugAuthTraceFilter:preChain","message":"login POST before filter chain","data":{"uri":"/api/auth/session/login","method":"POST","contentType":"application/x-www-form-urlencoded;charset=UTF-8","authenticatedBeforeChain":false},"timestamp":1791537787262}
{"sessionId":"9e36d5","hypothesisId":"H1","location":"DebugAuthTraceFilter:postChain","message":"login POST after filter chain","data":{"uri":"/api/auth/session/login","status":302},"timestamp":1791537787407}
{"sessionId":"9e36d5","hypothesisId":"H1-H3","location":"DebugAuthTraceFilter:preChain","message":"login POST before filter chain","data":{"uri":"/api/auth/public/login","method":"POST","contentType":"application/json","authenticatedBeforeChain":false},"timestamp":1791538586402}
{"sessionId":"9e36d5","hypothesisId":"H1-verify","location":"DebugLoginHandlerInterceptor:preHandle","message":"MVC routed POST to controller handler","data":{"uri":"/api/auth/public/login","handler":"HandlerMethod","contentType":"application/json"},"timestamp":1791538586409}
{"sessionId":"9e36d5","hypothesisId":"H1","location":"DebugAuthTraceFilter:postChain","message":"login POST after filter chain","data":{"uri":"/api/auth/public/login","status":200},"timestamp":1791538586959}
{"sessionId":"9e36d5","hypothesisId":"H1-H3","location":"DebugAuthTraceFilter:preChain","message":"login POST before filter chain","data":{"uri":"/api/auth/session/login","method":"POST","contentType":"application/x-www-form-urlencoded","authenticatedBeforeChain":false},"timestamp":1791538587093}
{"sessionId":"9e36d5","hypothesisId":"H1","location":"DebugAuthTraceFilter:postChain","message":"login POST after filter chain","data":{"uri":"/api/auth/session/login","status":302},"timestamp":1791538587185}
{"sessionId":"9e36d5","hypothesisId":"H1-H3","location":"DebugAuthTraceFilter:preChain","message":"login POST before filter chain","data":{"uri":"/api/auth/session/login","method":"POST","contentType":"application/x-www-form-urlencoded","authenticatedBeforeChain":false},"timestamp":1791538600976}
{"sessionId":"9e36d5","hypothesisId":"H1","location":"DebugAuthTraceFilter:postChain","message":"login POST after filter chain","data":{"uri":"/api/auth/session/login","status":302},"timestamp":1791538601105}
{"sessionId":"9e36d5","hypothesisId":"H1-H3","location":"DebugAuthTraceFilter:preChain","message":"login POST before filter chain","data":{"uri":"/api/auth/session/login","method":"POST","contentType":"application/x-www-form-urlencoded","authenticatedBeforeChain":false},"timestamp":1791538615913}
{"sessionId":"9e36d5","hypothesisId":"H1","location":"DebugAuthTraceFilter:postChain","message":"login POST after filter chain","data":{"uri":"/api/auth/session/login","status":302},"timestamp":1791538616003}
{"sessionId":"9e36d5","hypothesisId":"H1-H3","location":"DebugAuthTraceFilter:preChain","message":"login POST before filter chain","data":{"uri":"/api/auth/session/login","method":"POST","contentType":"application/x-www-form-urlencoded","authenticatedBeforeChain":false},"timestamp":1791538642262}
{"sessionId":"9e36d5","hypothesisId":"H1","location":"DebugAuthTraceFilter:postChain","message":"login POST after filter chain","data":{"uri":"/api/auth/session/login","status":302},"timestamp":1791538642345}
{"sessionId":"9e36d5","hypothesisId":"H1-H3","location":"DebugAuthTraceFilter:preChain","message":"login POST before filter chain","data":{"uri":"/api/auth/session/login","method":"POST","contentType":"application/x-www-form-urlencoded","authenticatedBeforeChain":false},"timestamp":1791538660984}
{"sessionId":"9e36d5","hypothesisId":"H1","location":"DebugAuthTraceFilter:postChain","message":"login POST after filter chain","data":{"uri":"/api/auth/session/login","status":302},"timestamp":1791538661065}
{"sessionId":"9e36d5","hypothesisId":"H1-H3","location":"DebugAuthTraceFilter:preChain","message":"login POST before filter chain","data":{"uri":"/api/auth/session/login","method":"POST","contentType":"application/x-www-form-urlencoded","authenticatedBeforeChain":false},"timestamp":1791538675178}
{"sessionId":"9e36d5","hypothesisId":"H1","location":"DebugAuthTraceFilter:postChain","message":"login POST after filter chain","data":{"uri":"/api/auth/session/login","status":302},"timestamp":1791538675259}
{"sessionId":"9e36d5","hypothesisId":"H1-H3","location":"DebugAuthTraceFilter:preChain","message":"login POST before filter chain","data":{"uri":"/api/auth/session/login","method":"POST","contentType":"application/x-www-form-urlencoded","authenticatedBeforeChain":false},"timestamp":1791538691761}
{"sessionId":"9e36d5","hypothesisId":"H1","location":"DebugAuthTraceFilter:postChain","message":"login POST after filter chain","data":{"uri":"/api/auth/session/login","status":302},"timestamp":1791538691845}
{"sessionId":"9e36d5","hypothesisId":"H1-H3","location":"DebugAuthTraceFilter:preChain","message":"login POST before filter chain","data":{"uri":"/api/auth/public/login","method":"POST","contentType":"application/json","authenticatedBeforeChain":false},"timestamp":1791538748137}
{"sessionId":"9e36d5","hypothesisId":"H1-verify","location":"DebugLoginHandlerInterceptor:preHandle","message":"MVC routed POST to controller handler","data":{"uri":"/api/auth/public/login","handler":"HandlerMethod","contentType":"application/json"},"timestamp":1791538748140}
{"sessionId":"9e36d5","hypothesisId":"H1","location":"DebugAuthTraceFilter:postChain","message":"login POST after filter chain","data":{"uri":"/api/auth/public/login","status":200},"timestamp":1791538748241}
{"sessionId":"9e36d5","hypothesisId":"H1-H3","location":"DebugAuthTraceFilter:preChain","message":"login POST before filter chain","data":{"uri":"/api/auth/session/login","method":"POST","contentType":"application/x-www-form-urlencoded","authenticatedBeforeChain":false},"timestamp":1791538826683}
{"sessionId":"9e36d5","hypothesisId":"H1","location":"DebugAuthTraceFilter:postChain","message":"login POST after filter chain","data":{"uri":"/api/auth/session/login","status":302},"timestamp":1791538826782}
{"sessionId":"9e36d5","hypothesisId":"H1-H3","location":"DebugAuthTraceFilter:preChain","message":"login POST before filter chain","data":{"uri":"/api/auth/public/login","method":"POST","contentType":"application/json","authenticatedBeforeChain":false},"timestamp":1791538852509}
{"sessionId":"9e36d5","hypothesisId":"H1-verify","location":"DebugLoginHandlerInterceptor:preHandle","message":"MVC routed POST to controller handler","data":{"uri":"/api/auth/public/login","handler":"HandlerMethod","contentType":"application/json"},"timestamp":1791538852513}
{"sessionId":"9e36d5","hypothesisId":"H1","location":"DebugAuthTraceFilter:postChain","message":"login POST after filter chain","data":{"uri":"/api/auth/public/login","status":200},"timestamp":1791538852636}
{"sessionId":"9e36d5","hypothesisId":"H1-H3","location":"DebugAuthTraceFilter:preChain","message":"login POST before filter chain","data":{"uri":"/api/auth/session/login","method":"POST","contentType":"application/x-www-form-urlencoded","authenticatedBeforeChain":false},"timestamp":1791538852869}
{"sessionId":"9e36d5","hypothesisId":"H1","location":"DebugAuthTraceFilter:postChain","message":"login POST after filter chain","data":{"uri":"/api/auth/session/login","status":302},"timestamp":1791538852968}
{"sessionId":"9e36d5","hypothesisId":"H1-H3","location":"DebugAuthTraceFilter:preChain","message":"login POST before filter chain","data":{"uri":"/api/auth/session/login","method":"POST","contentType":"application/x-www-form-urlencoded","authenticatedBeforeChain":false},"timestamp":1791538888326}
{"sessionId":"9e36d5","hypothesisId":"H1","location":"DebugAuthTraceFilter:postChain","message":"login POST after filter chain","data":{"uri":"/api/auth/session/login","status":302},"timestamp":1791538888446}
{"sessionId":"9e36d5","hypothesisId":"H1-H3","location":"DebugAuthTraceFilter:preChain","message":"login POST before filter chain","data":{"uri":"/api/auth/public/login","method":"POST","contentType":"application/json","authenticatedBeforeChain":false},"timestamp":1791538966917}
{"sessionId":"9e36d5","hypothesisId":"H1-verify","location":"DebugLoginHandlerInterceptor:preHandle","message":"MVC routed POST to controller handler","data":{"uri":"/api/auth/public/login","handler":"HandlerMethod","contentType":"application/json"},"timestamp":1791538966919}
{"sessionId":"9e36d5","hypothesisId":"H1","location":"DebugAuthTraceFilter:postChain","message":"login POST after filter chain","data":{"uri":"/api/auth/public/login","status":400},"timestamp":1791538966928}
{"sessionId":"9e36d5","hypothesisId":"H1-H3","location":"DebugAuthTraceFilter:preChain","message":"login POST before filter chain","data":{"uri":"/api/auth/session/login","method":"POST","contentType":"application/x-www-form-urlencoded;charset=UTF-8","authenticatedBeforeChain":false},"timestamp":1791543685119}
{"sessionId":"9e36d5","hypothesisId":"H1","location":"DebugAuthTraceFilter:postChain","message":"login POST after filter chain","data":{"uri":"/api/auth/session/login","status":302},"timestamp":1791543685234}
{"sessionId":"9e36d5","hypothesisId":"H1-H3","location":"DebugAuthTraceFilter:preChain","message":"login POST before filter chain","data":{"uri":"/api/auth/session/login","method":"POST","contentType":"application/x-www-form-urlencoded;charset=UTF-8","authenticatedBeforeChain":false},"timestamp":1791544182491}
{"sessionId":"9e36d5","hypothesisId":"H1","location":"DebugAuthTraceFilter:postChain","message":"login POST after filter chain","data":{"uri":"/api/auth/session/login","status":302},"timestamp":1791544183101}
{"sessionId":"9e36d5","hypothesisId":"H1-H3","location":"DebugAuthTraceFilter:preChain","message":"login POST before filter chain","data":{"uri":"/api/auth/session/login","method":"POST","contentType":"application/x-www-form-urlencoded;charset=UTF-8","authenticatedBeforeChain":false},"timestamp":1791544895312}
{"sessionId":"9e36d5","hypothesisId":"H1","location":"DebugAuthTraceFilter:postChain","message":"login POST after filter chain","data":{"uri":"/api/auth/session/login","status":302},"timestamp":1791544895396}
{"sessionId":"9e36d5","hypothesisId":"H1-H3","location":"DebugAuthTraceFilter:preChain","message":"login POST before filter chain","data":{"uri":"/api/auth/session/login","method":"POST","contentType":"application/x-www-form-urlencoded;charset=UTF-8","authenticatedBeforeChain":false},"timestamp":1791549026058}
{"sessionId":"9e36d5","hypothesisId":"H1","location":"DebugAuthTraceFilter:postChain","message":"login POST after filter chain","data":{"uri":"/api/auth/session/login","status":302},"timestamp":1791549027088}
{"sessionId":"9e36d5","hypothesisId":"H1-H3","location":"DebugAuthTraceFilter:preChain","message":"login POST before filter chain","data":{"uri":"/api/auth/session/login","method":"POST","contentType":"application/x-www-form-urlencoded","authenticatedBeforeChain":false},"timestamp":1791550564076}
{"sessionId":"9e36d5","hypothesisId":"H1","location":"DebugAuthTraceFilter:postChain","message":"login POST after filter chain","data":{"uri":"/api/auth/session/login","status":302},"timestamp":1791550564251}
{"sessionId":"9e36d5","hypothesisId":"H1-H3","location":"DebugAuthTraceFilter:preChain","message":"login POST before filter chain","data":{"uri":"/api/auth/session/login","method":"POST","contentType":"application/x-www-form-urlencoded","authenticatedBeforeChain":false},"timestamp":1791550664538}
{"sessionId":"9e36d5","hypothesisId":"H1","location":"DebugAuthTraceFilter:postChain","message":"login POST after filter chain","data":{"uri":"/api/auth/session/login","status":302},"timestamp":1791550664820}
{"sessionId":"9e36d5","hypothesisId":"H1-H3","location":"DebugAuthTraceFilter:preChain","message":"login POST before filter chain","data":{"uri":"/api/auth/session/login","method":"POST","contentType":"application/x-www-form-urlencoded","authenticatedBeforeChain":false},"timestamp":1791550677487}
{"sessionId":"9e36d5","hypothesisId":"H1","location":"DebugAuthTraceFilter:postChain","message":"login POST after filter chain","data":{"uri":"/api/auth/session/login","status":302},"timestamp":1791550677773}
{"sessionId":"9e36d5","hypothesisId":"H1-H3","location":"DebugAuthTraceFilter:preChain","message":"login POST before filter chain","data":{"uri":"/api/auth/public/login","method":"POST","contentType":"application/json","authenticatedBeforeChain":false},"timestamp":1791550693879}
{"sessionId":"9e36d5","hypothesisId":"H1-verify","location":"DebugLoginHandlerInterceptor:preHandle","message":"MVC routed POST to controller handler","data":{"uri":"/api/auth/public/login","handler":"HandlerMethod","contentType":"application/json"},"timestamp":1791550693888}
{"sessionId":"9e36d5","hypothesisId":"H1","location":"DebugAuthTraceFilter:postChain","message":"login POST after filter chain","data":{"uri":"/api/auth/public/login","status":400},"timestamp":1791550693891}
{"sessionId":"9e36d5","hypothesisId":"H1-H3","location":"DebugAuthTraceFilter:preChain","message":"login POST before filter chain","data":{"uri":"/api/auth/session/login","method":"POST","contentType":"application/x-www-form-urlencoded","authenticatedBeforeChain":false},"timestamp":1791551165397}
{"sessionId":"9e36d5","hypothesisId":"H1","location":"DebugAuthTraceFilter:postChain","message":"login POST after filter chain","data":{"uri":"/api/auth/session/login","status":302},"timestamp":1791551166596}
{"sessionId":"9e36d5","hypothesisId":"H1-H3","location":"DebugAuthTraceFilter:preChain","message":"login POST before filter chain","data":{"uri":"/api/auth/public/login","method":"POST","contentType":"application/json","authenticatedBeforeChain":false},"timestamp":1791551184022}
{"sessionId":"9e36d5","hypothesisId":"H1-verify","location":"DebugLoginHandlerInterceptor:preHandle","message":"MVC routed POST to controller handler","data":{"uri":"/api/auth/public/login","handler":"HandlerMethod","contentType":"application/json"},"timestamp":1791551184025}
{"sessionId":"9e36d5","hypothesisId":"H1","location":"DebugAuthTraceFilter:postChain","message":"login POST after filter chain","data":{"uri":"/api/auth/public/login","status":400},"timestamp":1791551184030}
{"sessionId":"9e36d5","hypothesisId":"H1-H3","location":"DebugAuthTraceFilter:preChain","message":"login POST before filter chain","data":{"uri":"/api/auth/session/login","method":"POST","contentType":"application/x-www-form-urlencoded","authenticatedBeforeChain":false},"timestamp":1791551275699}
{"sessionId":"9e36d5","hypothesisId":"H1","location":"DebugAuthTraceFilter:postChain","message":"login POST after filter chain","data":{"uri":"/api/auth/session/login","status":302},"timestamp":1791551276308}
{"sessionId":"9e36d5","hypothesisId":"H1-H3","location":"DebugAuthTraceFilter:preChain","message":"login POST before filter chain","data":{"uri":"/api/auth/session/login","method":"POST","contentType":"application/x-www-form-urlencoded;charset=UTF-8","authenticatedBeforeChain":false},"timestamp":1791551291780}
{"sessionId":"9e36d5","hypothesisId":"H1","location":"DebugAuthTraceFilter:postChain","message":"login POST after filter chain","data":{"uri":"/api/auth/session/login","status":302},"timestamp":1791551291881}
{"sessionId":"9e36d5","hypothesisId":"H1-H3","location":"DebugAuthTraceFilter:preChain","message":"login POST before filter chain","data":{"uri":"/api/auth/session/login","method":"POST","contentType":"application/x-www-form-urlencoded;charset=UTF-8","authenticatedBeforeChain":false},"timestamp":1791551342248}
{"sessionId":"9e36d5","hypothesisId":"H1","location":"DebugAuthTraceFilter:postChain","message":"login POST after filter chain","data":{"uri":"/api/auth/session/login","status":302},"timestamp":1791551342344}
{"sessionId":"9e36d5","hypothesisId":"H1-H3","location":"DebugAuthTraceFilter:preChain","message":"login POST before filter chain","data":{"uri":"/api/auth/session/login","method":"POST","contentType":"application/x-www-form-urlencoded","authenticatedBeforeChain":false},"timestamp":1791551395989}
{"sessionId":"9e36d5","hypothesisId":"H1","location":"DebugAuthTraceFilter:postChain","message":"login POST after filter chain","data":{"uri":"/api/auth/session/login","status":302},"timestamp":1791551396937}
{"sessionId":"9e36d5","hypothesisId":"H1-H3","location":"DebugAuthTraceFilter:preChain","message":"login POST before filter chain","data":{"uri":"/api/auth/session/login","method":"POST","contentType":"application/x-www-form-urlencoded;charset=UTF-8","authenticatedBeforeChain":false},"timestamp":1791551484588}
{"sessionId":"9e36d5","hypothesisId":"H1","location":"DebugAuthTraceFilter:postChain","message":"login POST after filter chain","data":{"uri":"/api/auth/session/login","status":302},"timestamp":1791551484722}
{"sessionId":"9e36d5","hypothesisId":"H1-H3","location":"DebugAuthTraceFilter:preChain","message":"login POST before filter chain","data":{"uri":"/api/auth/session/login","method":"POST","contentType":"application/x-www-form-urlencoded;charset=UTF-8","authenticatedBeforeChain":false},"timestamp":1791551502405}
{"sessionId":"9e36d5","hypothesisId":"H1","location":"DebugAuthTraceFilter:postChain","message":"login POST after filter chain","data":{"uri":"/api/auth/session/login","status":302},"timestamp":1791551502570}
